2026-06-27 00:03:40.350 [INFO] [PID 36220] [v3.0.0] Script started [pwsh=7.6.3, script=G:\GitHub\PowerShellScripts\professional-video-downloader\professional-video-downloader.ps1, audioOnly=False, cwd=G:\GitHub\PowerShellScripts\professional-video-downloader, playlist=False]
2026-06-27 00:04:12.062 [INFO] [PID 36220] [v3.0.0] Download start [platform=X/Twitter, total=1, index=1, url=https://x.com/TheMaineWire/status/2070504163776004310/video/1]
2026-06-27 00:04:38.944 [INFO] [PID 36220] [v3.0.0] Download success [file=C:\Users\kyle_\Downloads\The_Maine_Wire_-_Anti-Trump_Belfast_boomer_viciously_smacks_a_Maine_Wire_reporter_with... [2070502515922157568].fhls-audio-128000-Audio.mp4, url=https://x.com/TheMaineWire/status/2070504163776004310/video/1]
2026-06-27 00:04:38.983 [INFO] [PID 36220] [v3.0.0] Run finished [succeeded=1, total=1, failed=0]
2026-06-27 14:29:27.562 [INFO] [PID 36220] [v3.0.0] Script started [pwsh=7.6.3, script=G:\GitHub\PowerShellScripts\professional-video-downloader\professional-video-downloader.ps1, audioOnly=False, cwd=G:\GitHub\PowerShellScripts\professional-video-downloader, playlist=False]
2026-06-27 14:29:50.187 [INFO] [PID 36220] [v3.0.0] Download start [platform=YouTube, total=1, index=1, url=https://www.youtube.com/watch?v=B06ML2eT5AA&list=RDB06ML2eT5AA&start_radio=1]
2026-06-27 14:30:12.122 [INFO] [PID 36220] [v3.0.0] Download success [file=C:\Users\kyle_\Downloads\A_Midsummer_Night_s_Dream_Op._61_-_No._9_Wedding_March [B06ML2eT5AA].f251.webm, url=https://www.youtube.com/watch?v=B06ML2eT5AA&list=RDB06ML2eT5AA&start_radio=1]
2026-06-27 14:30:12.168 [INFO] [PID 36220] [v3.0.0] Run finished [succeeded=1, total=1, failed=0]
2026-06-27 14:34:16.199 [INFO] [PID 36220] [v3.0.0] Script started [pwsh=7.6.3, script=G:\GitHub\PowerShellScripts\professional-video-downloader\professional-video-downloader.ps1, audioOnly=False, cwd=G:\GitHub\PowerShellScripts\professional-video-downloader, playlist=False]
2026-06-27 14:41:02.312 [INFO] [PID 36220] [v3.0.0] Download start [platform=YouTube, total=7, index=1, url=https://www.youtube.com/watch?v=oduhc96kTlw&list=RDoduhc96kTlw&start_radio=1]
2026-06-27 14:41:19.820 [INFO] [PID 36220] [v3.0.0] Download success [file=C:\Users\kyle_\Downloads\Jesu_Joy_of_Man_s_Desiring_The_Tabernacle_Choir [oduhc96kTlw].f251.webm, url=https://www.youtube.com/watch?v=oduhc96kTlw&list=RDoduhc96kTlw&start_radio=1]
2026-06-27 14:41:19.845 [INFO] [PID 36220] [v3.0.0] Download start [platform=YouTube, total=7, index=2, url=https://www.youtube.com/watch?v=fzyO3fLV5O0&list=RDfzyO3fLV5O0&start_radio=1]
2026-06-27 14:41:52.916 [INFO] [PID 36220] [v3.0.0] Download success [file=C:\Users\kyle_\Downloads\Ludwig_van_Beethoven_-_Symphony_No_9_Ode_to_Joy_Sir_Antonio_Pappano_London_Symphony_Orchestra [fzyO3fLV5O0].f251.webm, url=https://www.youtube.com/watch?v=fzyO3fLV5O0&list=RDfzyO3fLV5O0&start_radio=1]
2026-06-27 14:41:52.929 [INFO] [PID 36220] [v3.0.0] Download start [platform=YouTube, total=7, index=3, url=https://www.youtube.com/watch?v=1h4mAceHmrI]
2026-06-27 14:42:26.405 [INFO] [PID 36220] [v3.0.0] Download success [file=C:\Users\kyle_\Downloads\Handel_Water_Music_-_Hornpipe_the_FestspielOrchester_Gottingen_Laurence_Cummings_director_4K [1h4mAceHmrI].f251.webm, url=https://www.youtube.com/watch?v=1h4mAceHmrI]
2026-06-27 14:42:26.423 [INFO] [PID 36220] [v3.0.0] Download start [platform=YouTube, total=7, index=4, url=https://www.youtube.com/watch?v=bRrss4kBi2M&list=RDbRrss4kBi2M&start_radio=1]
2026-06-27 14:42:41.922 [INFO] [PID 36220] [v3.0.0] Download success [file=C:\Users\kyle_\Downloads\Jeremiah_Clarke_-_Trumpet_Voluntary [bRrss4kBi2M].f251.webm, url=https://www.youtube.com/watch?v=bRrss4kBi2M&list=RDbRrss4kBi2M&start_radio=1]
2026-06-27 14:42:41.940 [INFO] [PID 36220] [v3.0.0] Download start [platform=YouTube, total=7, index=5, url=https://www.youtube.com/watch?v=4LilPpv4uFI&list=RD4LilPpv4uFI&start_radio=1]
2026-06-27 14:42:56.564 [INFO] [PID 36220] [v3.0.0] Download success [file=C:\Users\kyle_\Downloads\CHARPENTIER_-_TE_DEUM_PRELUDE_-_MADRID_CATHEDRAL_ORGAN_-_JONATHAN_SCOTT [4LilPpv4uFI].f251.webm, url=https://www.youtube.com/watch?v=4LilPpv4uFI&list=RD4LilPpv4uFI&start_radio=1]
2026-06-27 14:42:56.587 [INFO] [PID 36220] [v3.0.0] Download start [platform=YouTube, total=7, index=6, url=https://www.youtube.com/watch?v=mFWQgxXM_b8&list=RDmFWQgxXM_b8&start_radio=1]
2026-06-27 14:43:14.414 [INFO] [PID 36220] [v3.0.0] Download success [file=C:\Users\kyle_\Downloads\Spring._Antonio_Vivaldi [mFWQgxXM_b8].f251.webm, url=https://www.youtube.com/watch?v=mFWQgxXM_b8&list=RDmFWQgxXM_b8&start_radio=1]
2026-06-27 14:43:14.438 [INFO] [PID 36220] [v3.0.0] Download start [platform=YouTube, total=7, index=7, url=https://www.youtube.com/watch?v=z1088E6E2fY&list=RDz1088E6E2fY&start_radio=1]
2026-06-27 14:43:30.289 [INFO] [PID 36220] [v3.0.0] Download success [file=C:\Users\kyle_\Downloads\Jeremiah_Clarke_-_The_Prince_of_Denmark_s_March_Lovely_Rendition [z1088E6E2fY].f251.webm, url=https://www.youtube.com/watch?v=z1088E6E2fY&list=RDz1088E6E2fY&start_radio=1]
2026-06-27 14:43:30.319 [INFO] [PID 36220] [v3.0.0] Run finished [succeeded=7, total=7, failed=0]
